07/08/24 7:15:24: recruit.scss - parse error: failed at `border-radius: ;` /home/hanahoiku/www/wordpress/wp-content/themes/hanahoiku/scss/recruit.scss on line 850, at column 11
07/08/24 7:15:25: recruit.scss - parse error: failed at `border-radius: ;` /home/hanahoiku/www/wordpress/wp-content/themes/hanahoiku/scss/recruit.scss on line 850, at column 11
07/08/24 7:15:39: recruit.scss - parse error: failed at `border-radius: ;` /home/hanahoiku/www/wordpress/wp-content/themes/hanahoiku/scss/recruit.scss on line 850, at column 11
07/08/24 7:15:39: recruit.scss - parse error: failed at `border-radius: ;` /home/hanahoiku/www/wordpress/wp-content/themes/hanahoiku/scss/recruit.scss on line 850, at column 11
07/08/24 7:15:40: recruit.scss - parse error: failed at `border-radius: ;` /home/hanahoiku/www/wordpress/wp-content/themes/hanahoiku/scss/recruit.scss on line 850, at column 11
07/08/24 7:15:50: recruit.scss - parse error: failed at `border-radius: ;` /home/hanahoiku/www/wordpress/wp-content/themes/hanahoiku/scss/recruit.scss on line 850, at column 11
07/08/24 7:15:50: recruit.scss - parse error: failed at `border-radius: ;` /home/hanahoiku/www/wordpress/wp-content/themes/hanahoiku/scss/recruit.scss on line 850, at column 11
07/08/24 7:15:54: recruit.scss - parse error: failed at `border-radius: ;` /home/hanahoiku/www/wordpress/wp-content/themes/hanahoiku/scss/recruit.scss on line 850, at column 11
07/08/24 7:15:56: recruit.scss - parse error: failed at `border-radius: ;` /home/hanahoiku/www/wordpress/wp-content/themes/hanahoiku/scss/recruit.scss on line 850, at column 11
07/08/24 7:16:09: recruit.scss - parse error: failed at `border-radius: ;` /home/hanahoiku/www/wordpress/wp-content/themes/hanahoiku/scss/recruit.scss on line 850, at column 11
07/08/24 7:16:10: recruit.scss - parse error: failed at `border-radius: ;` /home/hanahoiku/www/wordpress/wp-content/themes/hanahoiku/scss/recruit.scss on line 850, at column 11
07/08/24 7:16:24: recruit.scss - parse error: failed at `border-radius: ;` /home/hanahoiku/www/wordpress/wp-content/themes/hanahoiku/scss/recruit.scss on line 850, at column 11
07/08/24 7:16:26: recruit.scss - parse error: failed at `border-radius: ;` /home/hanahoiku/www/wordpress/wp-content/themes/hanahoiku/scss/recruit.scss on line 850, at column 11
07/08/24 7:16:39: recruit.scss - parse error: failed at `border-radius: ;` /home/hanahoiku/www/wordpress/wp-content/themes/hanahoiku/scss/recruit.scss on line 850, at column 11
07/08/24 7:16:40: recruit.scss - parse error: failed at `border-radius: ;` /home/hanahoiku/www/wordpress/wp-content/themes/hanahoiku/scss/recruit.scss on line 850, at column 11
07/08/24 7:16:51: recruit.scss - parse error: failed at `border-radius: ;` /home/hanahoiku/www/wordpress/wp-content/themes/hanahoiku/scss/recruit.scss on line 850, at column 11
07/08/24 7:16:54: recruit.scss - parse error: failed at `border-radius: ;` /home/hanahoiku/www/wordpress/wp-content/themes/hanahoiku/scss/recruit.scss on line 850, at column 11
07/08/24 7:16:54: recruit.scss - parse error: failed at `border-radius: ;` /home/hanahoiku/www/wordpress/wp-content/themes/hanahoiku/scss/recruit.scss on line 850, at column 11
07/08/24 7:16:54: recruit.scss - parse error: failed at `border-radius: ;` /home/hanahoiku/www/wordpress/wp-content/themes/hanahoiku/scss/recruit.scss on line 850, at column 11
07/08/24 7:16:56: recruit.scss - parse error: failed at `border-radius: ;` /home/hanahoiku/www/wordpress/wp-content/themes/hanahoiku/scss/recruit.scss on line 850, at column 11
07/08/24 7:16:56: recruit.scss - parse error: failed at `border-radius: ;` /home/hanahoiku/www/wordpress/wp-content/themes/hanahoiku/scss/recruit.scss on line 850, at column 11
07/08/24 7:17:08: recruit.scss - parse error: failed at `border-radius: ;` /home/hanahoiku/www/wordpress/wp-content/themes/hanahoiku/scss/recruit.scss on line 850, at column 11
07/08/24 7:17:09: recruit.scss - parse error: failed at `border-radius: ;` /home/hanahoiku/www/wordpress/wp-content/themes/hanahoiku/scss/recruit.scss on line 850, at column 11
07/08/24 7:17:11: recruit.scss - parse error: failed at `border-radius: ;` /home/hanahoiku/www/wordpress/wp-content/themes/hanahoiku/scss/recruit.scss on line 850, at column 11
07/08/24 7:17:11: recruit.scss - parse error: failed at `border-radius: ;` /home/hanahoiku/www/wordpress/wp-content/themes/hanahoiku/scss/recruit.scss on line 850, at column 11
07/08/24 7:17:23: recruit.scss - parse error: failed at `border-radius: ;` /home/hanahoiku/www/wordpress/wp-content/themes/hanahoiku/scss/recruit.scss on line 850, at column 11
07/08/24 7:17:24: recruit.scss - parse error: failed at `border-radius: ;` /home/hanahoiku/www/wordpress/wp-content/themes/hanahoiku/scss/recruit.scss on line 850, at column 11
07/08/24 7:17:26: recruit.scss - parse error: failed at `border-radius: ;` /home/hanahoiku/www/wordpress/wp-content/themes/hanahoiku/scss/recruit.scss on line 850, at column 11
07/08/24 7:17:26: recruit.scss - parse error: failed at `border-radius: ;` /home/hanahoiku/www/wordpress/wp-content/themes/hanahoiku/scss/recruit.scss on line 850, at column 11
07/08/24 7:17:34: recruit.scss - parse error: failed at `border-radius: ;` /home/hanahoiku/www/wordpress/wp-content/themes/hanahoiku/scss/recruit.scss on line 850, at column 11
07/08/24 7:17:36: recruit.scss - parse error: failed at `border-radius: ;` /home/hanahoiku/www/wordpress/wp-content/themes/hanahoiku/scss/recruit.scss on line 850, at column 11
07/08/24 7:17:36: recruit.scss - parse error: failed at `border-radius: ;` /home/hanahoiku/www/wordpress/wp-content/themes/hanahoiku/scss/recruit.scss on line 850, at column 11
07/08/24 7:17:36: recruit.scss - parse error: failed at `border-radius: ;` /home/hanahoiku/www/wordpress/wp-content/themes/hanahoiku/scss/recruit.scss on line 850, at column 11
07/08/24 7:17:36: recruit.scss - parse error: failed at `border-radius: ;` /home/hanahoiku/www/wordpress/wp-content/themes/hanahoiku/scss/recruit.scss on line 850, at column 11
07/08/24 7:17:36: recruit.scss - parse error: failed at `border-radius: ;` /home/hanahoiku/www/wordpress/wp-content/themes/hanahoiku/scss/recruit.scss on line 850, at column 11
07/08/24 7:17:39: recruit.scss - parse error: failed at `border-radius: ;` /home/hanahoiku/www/wordpress/wp-content/themes/hanahoiku/scss/recruit.scss on line 850, at column 11
07/08/24 7:17:41: recruit.scss - parse error: failed at `border-radius: ;` /home/hanahoiku/www/wordpress/wp-content/themes/hanahoiku/scss/recruit.scss on line 850, at column 11
07/08/24 7:17:43: recruit.scss - parse error: failed at `border-radius: ;` /home/hanahoiku/www/wordpress/wp-content/themes/hanahoiku/scss/recruit.scss on line 850, at column 11
07/08/24 7:17:50: recruit.scss - parse error: failed at `border-radius: ;` /home/hanahoiku/www/wordpress/wp-content/themes/hanahoiku/scss/recruit.scss on line 850, at column 11
07/08/24 7:17:51: recruit.scss - parse error: failed at `border-radius: ;` /home/hanahoiku/www/wordpress/wp-content/themes/hanahoiku/scss/recruit.scss on line 850, at column 11
07/08/24 7:17:54: recruit.scss - parse error: failed at `border-radius: ;` /home/hanahoiku/www/wordpress/wp-content/themes/hanahoiku/scss/recruit.scss on line 850, at column 11
07/08/24 7:17:56: recruit.scss - parse error: failed at `border-radius: ;` /home/hanahoiku/www/wordpress/wp-content/themes/hanahoiku/scss/recruit.scss on line 850, at column 11
07/08/24 7:18:05: recruit.scss - parse error: failed at `border-radius: ;` /home/hanahoiku/www/wordpress/wp-content/themes/hanahoiku/scss/recruit.scss on line 850, at column 11
07/08/24 7:18:09: recruit.scss - parse error: failed at `border-radius: ;` /home/hanahoiku/www/wordpress/wp-content/themes/hanahoiku/scss/recruit.scss on line 850, at column 11
07/08/24 7:18:11: recruit.scss - parse error: failed at `border-radius: ;` /home/hanahoiku/www/wordpress/wp-content/themes/hanahoiku/scss/recruit.scss on line 850, at column 11
07/08/24 7:18:21: recruit.scss - parse error: failed at `border-radius: ;` /home/hanahoiku/www/wordpress/wp-content/themes/hanahoiku/scss/recruit.scss on line 850, at column 11
07/08/24 7:18:25: recruit.scss - parse error: failed at `border-radius: ;` /home/hanahoiku/www/wordpress/wp-content/themes/hanahoiku/scss/recruit.scss on line 850, at column 11
07/08/24 7:18:26: recruit.scss - parse error: failed at `border-radius: ;` /home/hanahoiku/www/wordpress/wp-content/themes/hanahoiku/scss/recruit.scss on line 850, at column 11
07/08/24 7:18:35: recruit.scss - parse error: failed at `border-radius: ;` /home/hanahoiku/www/wordpress/wp-content/themes/hanahoiku/scss/recruit.scss on line 850, at column 11
07/08/24 7:18:36: recruit.scss - parse error: failed at `border-radius: ;` /home/hanahoiku/www/wordpress/wp-content/themes/hanahoiku/scss/recruit.scss on line 850, at column 11
07/08/24 7:18:39: recruit.scss - parse error: failed at `border-radius: ;` /home/hanahoiku/www/wordpress/wp-content/themes/hanahoiku/scss/recruit.scss on line 850, at column 11
07/08/24 7:18:40: recruit.scss - parse error: failed at `border-radius: ;` /home/hanahoiku/www/wordpress/wp-content/themes/hanahoiku/scss/recruit.scss on line 850, at column 11
07/08/24 7:18:41: recruit.scss - parse error: failed at `border-radius: ;` /home/hanahoiku/www/wordpress/wp-content/themes/hanahoiku/scss/recruit.scss on line 850, at column 11
07/08/24 7:18:41: recruit.scss - parse error: failed at `border-radius: ;` /home/hanahoiku/www/wordpress/wp-content/themes/hanahoiku/scss/recruit.scss on line 850, at column 11
07/08/24 7:18:42: recruit.scss - parse error: failed at `border-radius: ;` /home/hanahoiku/www/wordpress/wp-content/themes/hanahoiku/scss/recruit.scss on line 850, at column 11
07/08/24 7:18:44: recruit.scss - parse error: failed at `border-radius: ;` /home/hanahoiku/www/wordpress/wp-content/themes/hanahoiku/scss/recruit.scss on line 850, at column 11
07/08/24 7:18:51: recruit.scss - parse error: failed at `border-radius: ;` /home/hanahoiku/www/wordpress/wp-content/themes/hanahoiku/scss/recruit.scss on line 850, at column 11
07/08/24 7:18:55: recruit.scss - parse error: failed at `border-radius: ;` /home/hanahoiku/www/wordpress/wp-content/themes/hanahoiku/scss/recruit.scss on line 850, at column 11
07/08/24 7:18:56: recruit.scss - parse error: failed at `border-radius: ;` /home/hanahoiku/www/wordpress/wp-content/themes/hanahoiku/scss/recruit.scss on line 850, at column 11
07/08/24 7:19:07: recruit.scss - parse error: failed at `border-radius: ;` /home/hanahoiku/www/wordpress/wp-content/themes/hanahoiku/scss/recruit.scss on line 850, at column 11
07/08/24 7:19:09: recruit.scss - parse error: failed at `border-radius: ;` /home/hanahoiku/www/wordpress/wp-content/themes/hanahoiku/scss/recruit.scss on line 850, at column 11
07/08/24 7:19:11: recruit.scss - parse error: failed at `border-radius: ;` /home/hanahoiku/www/wordpress/wp-content/themes/hanahoiku/scss/recruit.scss on line 850, at column 11
07/08/24 7:19:11: recruit.scss - parse error: failed at `border-radius: ;` /home/hanahoiku/www/wordpress/wp-content/themes/hanahoiku/scss/recruit.scss on line 850, at column 11
07/08/24 7:19:11: recruit.scss - parse error: failed at `border-radius: ;` /home/hanahoiku/www/wordpress/wp-content/themes/hanahoiku/scss/recruit.scss on line 850, at column 11
07/08/24 7:19:13: recruit.scss - parse error: failed at `border-radius: ;` /home/hanahoiku/www/wordpress/wp-content/themes/hanahoiku/scss/recruit.scss on line 850, at column 11
07/08/24 7:19:23: recruit.scss - parse error: failed at `border-radius: ;` /home/hanahoiku/www/wordpress/wp-content/themes/hanahoiku/scss/recruit.scss on line 850, at column 11
07/08/24 7:19:25: recruit.scss - parse error: failed at `border-radius: ;` /home/hanahoiku/www/wordpress/wp-content/themes/hanahoiku/scss/recruit.scss on line 850, at column 11
07/08/24 7:19:28: recruit.scss - parse error: failed at `border-radius: ;` /home/hanahoiku/www/wordpress/wp-content/themes/hanahoiku/scss/recruit.scss on line 850, at column 11
07/08/24 7:19:39: recruit.scss - parse error: failed at `border-radius: ;` /home/hanahoiku/www/wordpress/wp-content/themes/hanahoiku/scss/recruit.scss on line 850, at column 11
07/08/24 7:19:43: recruit.scss - parse error: failed at `border-radius: ;` /home/hanahoiku/www/wordpress/wp-content/themes/hanahoiku/scss/recruit.scss on line 850, at column 11
07/08/24 7:19:52: recruit.scss - parse error: failed at `border-radius: ;` /home/hanahoiku/www/wordpress/wp-content/themes/hanahoiku/scss/recruit.scss on line 850, at column 11
07/08/24 7:19:55: recruit.scss - parse error: failed at `border-radius: ;` /home/hanahoiku/www/wordpress/wp-content/themes/hanahoiku/scss/recruit.scss on line 850, at column 11
07/08/24 7:19:58: recruit.scss - parse error: failed at `border-radius: ;` /home/hanahoiku/www/wordpress/wp-content/themes/hanahoiku/scss/recruit.scss on line 850, at column 11
07/08/24 7:20:09: recruit.scss - parse error: failed at `border-radius: ;` /home/hanahoiku/www/wordpress/wp-content/themes/hanahoiku/scss/recruit.scss on line 850, at column 11
07/08/24 7:20:13: recruit.scss - parse error: failed at `border-radius: ;` /home/hanahoiku/www/wordpress/wp-content/themes/hanahoiku/scss/recruit.scss on line 850, at column 11
07/08/24 7:20:25: recruit.scss - parse error: failed at `border-radius: ;` /home/hanahoiku/www/wordpress/wp-content/themes/hanahoiku/scss/recruit.scss on line 850, at column 11
07/08/24 7:20:27: recruit.scss - parse error: failed at `border-radius: ;` /home/hanahoiku/www/wordpress/wp-content/themes/hanahoiku/scss/recruit.scss on line 850, at column 11
07/08/24 7:20:28: recruit.scss - parse error: failed at `border-radius: ;` /home/hanahoiku/www/wordpress/wp-content/themes/hanahoiku/scss/recruit.scss on line 850, at column 11
07/08/24 7:20:39: recruit.scss - parse error: failed at `border-radius: ;` /home/hanahoiku/www/wordpress/wp-content/themes/hanahoiku/scss/recruit.scss on line 850, at column 11
07/08/24 7:20:43: recruit.scss - parse error: failed at `border-radius: ;` /home/hanahoiku/www/wordpress/wp-content/themes/hanahoiku/scss/recruit.scss on line 850, at column 11
07/08/24 7:20:43: recruit.scss - parse error: failed at `border-radius: ;` /home/hanahoiku/www/wordpress/wp-content/themes/hanahoiku/scss/recruit.scss on line 850, at column 11
07/08/24 7:20:55: recruit.scss - parse error: failed at `border-radius: ;` /home/hanahoiku/www/wordpress/wp-content/themes/hanahoiku/scss/recruit.scss on line 850, at column 11
07/08/24 7:20:58: recruit.scss - parse error: failed at `border-radius: ;` /home/hanahoiku/www/wordpress/wp-content/themes/hanahoiku/scss/recruit.scss on line 850, at column 11
07/08/24 7:21:08: recruit.scss - parse error: failed at `border-radius: ;` /home/hanahoiku/www/wordpress/wp-content/themes/hanahoiku/scss/recruit.scss on line 850, at column 11
07/08/24 7:21:09: recruit.scss - parse error: failed at `border-radius: ;` /home/hanahoiku/www/wordpress/wp-content/themes/hanahoiku/scss/recruit.scss on line 850, at column 11
07/08/24 7:21:13: recruit.scss - parse error: failed at `border-radius: ;` /home/hanahoiku/www/wordpress/wp-content/themes/hanahoiku/scss/recruit.scss on line 850, at column 11
07/08/24 7:21:25: recruit.scss - parse error: failed at `border-radius: ;` /home/hanahoiku/www/wordpress/wp-content/themes/hanahoiku/scss/recruit.scss on line 850, at column 11
07/08/24 7:21:28: recruit.scss - parse error: failed at `border-radius: ;` /home/hanahoiku/www/wordpress/wp-content/themes/hanahoiku/scss/recruit.scss on line 850, at column 11
07/08/24 7:21:39: recruit.scss - parse error: failed at `border-radius: ;` /home/hanahoiku/www/wordpress/wp-content/themes/hanahoiku/scss/recruit.scss on line 850, at column 11
07/08/24 7:21:43: recruit.scss - parse error: failed at `border-radius: ;` /home/hanahoiku/www/wordpress/wp-content/themes/hanahoiku/scss/recruit.scss on line 850, at column 11
07/08/24 7:21:53: recruit.scss - parse error: failed at `border-radius: ;` /home/hanahoiku/www/wordpress/wp-content/themes/hanahoiku/scss/recruit.scss on line 850, at column 11
07/08/24 7:21:55: recruit.scss - parse error: failed at `border-radius: ;` /home/hanahoiku/www/wordpress/wp-content/themes/hanahoiku/scss/recruit.scss on line 850, at column 11
07/08/24 7:21:58: recruit.scss - parse error: failed at `border-radius: ;` /home/hanahoiku/www/wordpress/wp-content/themes/hanahoiku/scss/recruit.scss on line 850, at column 11
07/08/24 7:22:09: recruit.scss - parse error: failed at `border-radius: ;` /home/hanahoiku/www/wordpress/wp-content/themes/hanahoiku/scss/recruit.scss on line 850, at column 11
07/08/24 7:22:13: recruit.scss - parse error: failed at `border-radius: ;` /home/hanahoiku/www/wordpress/wp-content/themes/hanahoiku/scss/recruit.scss on line 850, at column 11
07/08/24 7:22:25: recruit.scss - parse error: failed at `border-radius: ;` /home/hanahoiku/www/wordpress/wp-content/themes/hanahoiku/scss/recruit.scss on line 850, at column 11
07/08/24 7:22:28: recruit.scss - parse error: failed at `border-radius: ;` /home/hanahoiku/www/wordpress/wp-content/themes/hanahoiku/scss/recruit.scss on line 850, at column 11
07/08/24 7:22:39: recruit.scss - parse error: failed at `border-radius: ;` /home/hanahoiku/www/wordpress/wp-content/themes/hanahoiku/scss/recruit.scss on line 850, at column 11
07/08/24 7:22:43: recruit.scss - parse error: failed at `border-radius: ;` /home/hanahoiku/www/wordpress/wp-content/themes/hanahoiku/scss/recruit.scss on line 850, at column 11
07/08/24 7:22:44: recruit.scss - parse error: failed at `border-radius: ;` /home/hanahoiku/www/wordpress/wp-content/themes/hanahoiku/scss/recruit.scss on line 850, at column 11
07/08/24 7:22:55: recruit.scss - parse error: failed at `border-radius: ;` /home/hanahoiku/www/wordpress/wp-content/themes/hanahoiku/scss/recruit.scss on line 850, at column 11
07/08/24 7:22:58: recruit.scss - parse error: failed at `border-radius: ;` /home/hanahoiku/www/wordpress/wp-content/themes/hanahoiku/scss/recruit.scss on line 850, at column 11
07/08/24 7:23:09: recruit.scss - parse error: failed at `border-radius: ;` /home/hanahoiku/www/wordpress/wp-content/themes/hanahoiku/scss/recruit.scss on line 850, at column 11
07/08/24 7:23:09: recruit.scss - parse error: failed at `border-radius: ;` /home/hanahoiku/www/wordpress/wp-content/themes/hanahoiku/scss/recruit.scss on line 850, at column 11
07/08/24 7:23:13: recruit.scss - parse error: failed at `border-radius: ;` /home/hanahoiku/www/wordpress/wp-content/themes/hanahoiku/scss/recruit.scss on line 850, at column 11
07/08/24 7:23:25: recruit.scss - parse error: failed at `border-radius: ;` /home/hanahoiku/www/wordpress/wp-content/themes/hanahoiku/scss/recruit.scss on line 850, at column 11
07/08/24 7:23:28: recruit.scss - parse error: failed at `border-radius: ;` /home/hanahoiku/www/wordpress/wp-content/themes/hanahoiku/scss/recruit.scss on line 850, at column 11
07/08/24 7:23:39: recruit.scss - parse error: failed at `border-radius: ;` /home/hanahoiku/www/wordpress/wp-content/themes/hanahoiku/scss/recruit.scss on line 850, at column 11
07/08/24 7:23:43: recruit.scss - parse error: failed at `border-radius: ;` /home/hanahoiku/www/wordpress/wp-content/themes/hanahoiku/scss/recruit.scss on line 850, at column 11
07/08/24 7:23:54: recruit.scss - parse error: failed at `border-radius: ;` /home/hanahoiku/www/wordpress/wp-content/themes/hanahoiku/scss/recruit.scss on line 850, at column 11
07/08/24 7:23:55: recruit.scss - parse error: failed at `border-radius: ;` /home/hanahoiku/www/wordpress/wp-content/themes/hanahoiku/scss/recruit.scss on line 850, at column 11
07/08/24 7:23:58: recruit.scss - parse error: failed at `border-radius: ;` /home/hanahoiku/www/wordpress/wp-content/themes/hanahoiku/scss/recruit.scss on line 850, at column 11
07/08/24 7:24:09: recruit.scss - parse error: failed at `border-radius: ;` /home/hanahoiku/www/wordpress/wp-content/themes/hanahoiku/scss/recruit.scss on line 850, at column 11
07/08/24 7:24:09: recruit.scss - parse error: failed at `border-radius: ;` /home/hanahoiku/www/wordpress/wp-content/themes/hanahoiku/scss/recruit.scss on line 850, at column 11
07/08/24 7:24:10: recruit.scss - parse error: failed at `border-radius: ;` /home/hanahoiku/www/wordpress/wp-content/themes/hanahoiku/scss/recruit.scss on line 850, at column 11
07/08/24 7:24:11: recruit.scss - parse error: failed at `border-radius: ;` /home/hanahoiku/www/wordpress/wp-content/themes/hanahoiku/scss/recruit.scss on line 850, at column 11
07/08/24 7:24:13: recruit.scss - parse error: failed at `border-radius: ;` /home/hanahoiku/www/wordpress/wp-content/themes/hanahoiku/scss/recruit.scss on line 850, at column 11
07/08/24 7:24:14: recruit.scss - parse error: failed at `border-radius: ;` /home/hanahoiku/www/wordpress/wp-content/themes/hanahoiku/scss/recruit.scss on line 850, at column 11
07/08/24 7:24:14: recruit.scss - parse error: failed at `border-radius: ;` /home/hanahoiku/www/wordpress/wp-content/themes/hanahoiku/scss/recruit.scss on line 850, at column 11
07/08/24 7:24:17: recruit.scss - parse error: failed at `border-radius: ;` /home/hanahoiku/www/wordpress/wp-content/themes/hanahoiku/scss/recruit.scss on line 850, at column 11
07/08/24 7:24:25: recruit.scss - parse error: failed at `border-radius: ;` /home/hanahoiku/www/wordpress/wp-content/themes/hanahoiku/scss/recruit.scss on line 850, at column 11
07/08/24 7:24:28: recruit.scss - parse error: failed at `border-radius: ;` /home/hanahoiku/www/wordpress/wp-content/themes/hanahoiku/scss/recruit.scss on line 850, at column 11
07/08/24 7:24:28: recruit.scss - parse error: failed at `border-radius: ;` /home/hanahoiku/www/wordpress/wp-content/themes/hanahoiku/scss/recruit.scss on line 850, at column 11
07/08/24 7:24:29: recruit.scss - parse error: failed at `border-radius: ;` /home/hanahoiku/www/wordpress/wp-content/themes/hanahoiku/scss/recruit.scss on line 850, at column 11
07/08/24 7:24:37: recruit.scss - parse error: failed at `border-radius: ;` /home/hanahoiku/www/wordpress/wp-content/themes/hanahoiku/scss/recruit.scss on line 850, at column 11
07/08/24 7:24:39: recruit.scss - parse error: failed at `border-radius: ;` /home/hanahoiku/www/wordpress/wp-content/themes/hanahoiku/scss/recruit.scss on line 850, at column 11
07/08/24 7:24:45: recruit.scss - parse error: failed at `border-radius: ;` /home/hanahoiku/www/wordpress/wp-content/themes/hanahoiku/scss/recruit.scss on line 850, at column 11
07/08/24 7:24:53: recruit.scss - parse error: failed at `border-radius: ;` /home/hanahoiku/www/wordpress/wp-content/themes/hanahoiku/scss/recruit.scss on line 850, at column 11
07/08/24 7:24:55: recruit.scss - parse error: failed at `border-radius: ;` /home/hanahoiku/www/wordpress/wp-content/themes/hanahoiku/scss/recruit.scss on line 850, at column 11
07/08/24 7:25:08: recruit.scss - parse error: failed at `border-radius: ;` /home/hanahoiku/www/wordpress/wp-content/themes/hanahoiku/scss/recruit.scss on line 850, at column 11
07/08/24 7:25:09: recruit.scss - parse error: failed at `border-radius: ;` /home/hanahoiku/www/wordpress/wp-content/themes/hanahoiku/scss/recruit.scss on line 850, at column 11
07/08/24 7:25:10: recruit.scss - parse error: failed at `border-radius: ;` /home/hanahoiku/www/wordpress/wp-content/themes/hanahoiku/scss/recruit.scss on line 850, at column 11
07/08/24 7:25:23: recruit.scss - parse error: failed at `border-radius: ;` /home/hanahoiku/www/wordpress/wp-content/themes/hanahoiku/scss/recruit.scss on line 850, at column 11
07/08/24 7:25:25: recruit.scss - parse error: failed at `border-radius: ;` /home/hanahoiku/www/wordpress/wp-content/themes/hanahoiku/scss/recruit.scss on line 850, at column 11
07/08/24 7:25:38: recruit.scss - parse error: failed at `border-radius: ;` /home/hanahoiku/www/wordpress/wp-content/themes/hanahoiku/scss/recruit.scss on line 850, at column 11
07/09/24 6:39:22: recruit.scss - parse error: failed at `color: #$color03;` /home/hanahoiku/www/wordpress/wp-content/themes/hanahoiku/scss/recruit.scss on line 1196, at column 9
07/22/24 6:47:09: recruit.scss - unexpected }: failed at `` /home/hanahoiku/www/wordpress/wp-content/themes/hanahoiku/scss/recruit.scss on line 5245, at column 0
07/22/24 6:47:11: recruit.scss - unexpected }: failed at `` /home/hanahoiku/www/wordpress/wp-content/themes/hanahoiku/scss/recruit.scss on line 5245, at column 0
07/22/24 6:47:18: recruit.scss - unexpected }: failed at `` /home/hanahoiku/www/wordpress/wp-content/themes/hanahoiku/scss/recruit.scss on line 5245, at column 0
07/22/24 6:47:24: recruit.scss - unexpected }: failed at `` /home/hanahoiku/www/wordpress/wp-content/themes/hanahoiku/scss/recruit.scss on line 5245, at column 0
07/22/24 6:47:26: recruit.scss - unexpected }: failed at `` /home/hanahoiku/www/wordpress/wp-content/themes/hanahoiku/scss/recruit.scss on line 5245, at column 0
07/22/24 6:47:33: recruit.scss - unexpected }: failed at `` /home/hanahoiku/www/wordpress/wp-content/themes/hanahoiku/scss/recruit.scss on line 5245, at column 0
07/22/24 6:47:36: recruit.scss - unexpected }: failed at `` /home/hanahoiku/www/wordpress/wp-content/themes/hanahoiku/scss/recruit.scss on line 5245, at column 0
07/27/24 6:36:13: recruit.scss - unclosed block: failed at `` /home/hanahoiku/www/wordpress/wp-content/themes/hanahoiku/scss/recruit.scss on line 7999, at column 0
07/27/24 7:01:25: recruit.scss - unclosed block: failed at `` /home/hanahoiku/www/wordpress/wp-content/themes/hanahoiku/scss/recruit.scss on line 5917, at column 0
07/27/24 7:03:28: recruit.scss - unclosed block: failed at `` /home/hanahoiku/www/wordpress/wp-content/themes/hanahoiku/scss/recruit.scss on line 7947, at column 0
07/27/24 7:07:49: recruit.scss - unclosed block: failed at `` /home/hanahoiku/www/wordpress/wp-content/themes/hanahoiku/scss/recruit.scss on line 5920, at column 0
07/27/24 7:08:59: recruit.scss - parse error: failed at `border-ra` /home/hanahoiku/www/wordpress/wp-content/themes/hanahoiku/scss/recruit.scss on line 3073, at column 17
